2026-04-04 09:26:57,373 - INFO - Прогресс: Навык Создание планироващика +10xp. Баланс:172
2026-04-04 09:26:57,556 - INFO - Прогресс: Навык Создание планироващика +10xp. Баланс:182
2026-04-04 09:26:57,706 - INFO - Прогресс: Навык Создание планироващика +10xp. Баланс:192
2026-04-04 09:26:57,890 - INFO - Прогресс: Навык Создание планироващика +10xp. Баланс:202
2026-04-04 09:26:58,143 - INFO - Прогресс: Навык Создание планироващика +10xp. Баланс:212
2026-04-04 09:26:58,274 - INFO - Прогресс: Навык Создание планироващика +10xp. Баланс:222
2026-04-04 09:26:58,450 - INFO - Прогресс: Навык Создание планироващика +10xp. Баланс:232
2026-04-04 09:26:58,617 - INFO - Прогресс: Навык Создание планироващика +10xp. Баланс:242
2026-04-04 09:26:58,767 - INFO - Прогресс: Навык Создание планироващика +10xp. Баланс:252
2026-04-04 09:26:59,078 - INFO - Прогресс: Навык Создание планироващика +10xp. Баланс:262
2026-04-04 09:26:59,298 - INFO - Прогресс: Навык Создание планироващика +10xp. Баланс:272
2026-04-04 09:27:12,319 - INFO - Прогресс: Навык Создание планироващика +10xp. Баланс:282
2026-04-04 09:27:12,487 - INFO - Прогресс: Навык Создание планироващика +10xp. Баланс:292
2026-04-04 09:27:12,627 - INFO - Прогресс: Навык Создание планироващика +10xp. Баланс:302
2026-04-04 09:27:12,800 - INFO - Прогресс: Навык Создание планироващика +10xp. Баланс:312
2026-04-04 09:27:12,974 - INFO - Прогресс: Навык Создание планироващика +10xp. Баланс:322
2026-04-04 09:27:13,151 - INFO - Прогресс: Навык Создание планироващика +10xp. Баланс:332
2026-04-04 09:27:13,324 - INFO - Прогресс: Навык Создание планироващика +10xp. Баланс:342
2026-04-04 09:27:13,491 - INFO - Прогресс: Навык Создание планироващика +10xp. Баланс:352
2026-04-04 09:27:13,658 - INFO - Прогресс: Навык Создание планироващика +10xp. Баланс:362
2026-04-04 09:27:13,818 - INFO - Прогресс: Навык Создание планироващика +10xp. Баланс:372
2026-04-04 09:27:13,985 - INFO - Прогресс: Навык Создание планироващика +10xp. Баланс:382
2026-04-04 09:27:14,151 - INFO - Прогресс: Навык Создание планироващика +10xp. Баланс:392
2026-04-04 09:27:14,317 - INFO - Прогресс: Навык Создание планироващика +10xp. Баланс:402
2026-04-04 09:27:14,469 - INFO - Прогресс: Навык Создание планироващика +10xp. Баланс:412
2026-04-04 09:27:14,632 - INFO - Прогресс: Навык Создание планироващика +10xp. Баланс:422
2026-04-04 09:27:14,787 - INFO - Прогресс: Навык Создание планироващика +10xp. Баланс:432
2026-04-04 09:27:14,941 - INFO - Прогресс: Навык Создание планироващика +10xp. Баланс:442
2026-04-04 09:27:15,095 - INFO - Прогресс: Навык Создание планироващика +10xp. Баланс:452
2026-04-04 09:27:15,246 - INFO - Прогресс: Навык Создание планироващика +10xp. Баланс:462
2026-04-04 09:27:15,401 - INFO - Прогресс: Навык Создание планироващика +10xp. Баланс:472
2026-04-04 09:27:15,551 - INFO - Прогресс: Навык Создание планироващика +10xp. Баланс:482
2026-04-04 09:27:15,713 - INFO - Прогресс: Навык Создание планироващика +10xp. Баланс:492
2026-04-04 09:27:15,869 - INFO - Прогресс: Навык Создание планироващика +10xp. Баланс:502
2026-04-04 09:27:16,061 - INFO - Прогресс: Навык Создание планироващика +10xp. Баланс:512
2026-04-04 09:27:16,214 - INFO - Прогресс: Навык Создание планироващика +10xp. Баланс:522
2026-04-04 09:27:16,369 - INFO - Прогресс: Навык Создание планироващика +10xp. Баланс:532
2026-04-04 09:27:16,533 - INFO - Прогресс: Навык Создание планироващика +10xp. Баланс:542
2026-04-04 09:27:16,699 - INFO - Прогресс: Навык Создание планироващика +10xp. Баланс:552
2026-04-04 09:27:16,860 - INFO - Прогресс: Навык Создание планироващика +10xp. Баланс:562
2026-04-04 09:27:17,024 - INFO - Прогресс: Навык Создание планироващика +10xp. Баланс:572
2026-04-04 09:27:17,173 - INFO - Прогресс: Навык Создание планироващика +10xp. Баланс:582
2026-04-04 09:27:17,336 - INFO - Прогресс: Навык Создание планироващика +10xp. Баланс:592
2026-04-04 09:27:17,498 - INFO - Прогресс: Навык Создание планироващика +10xp. Баланс:602
2026-04-04 09:27:17,657 - INFO - Прогресс: Навык Создание планироващика +10xp. Баланс:612
2026-04-04 09:27:17,811 - INFO - Прогресс: Навык Создание планироващика +10xp. Баланс:622
2026-04-04 09:27:17,967 - INFO - Прогресс: Навык Создание планироващика +10xp. Баланс:632
2026-04-04 09:27:18,128 - INFO - Прогресс: Навык Создание планироващика +10xp. Баланс:642
2026-04-04 09:27:18,285 - INFO - Прогресс: Навык Создание планироващика +10xp. Баланс:652
2026-04-04 09:27:18,455 - INFO - Прогресс: Навык Создание планироващика +10xp. Баланс:662
2026-04-04 09:27:18,613 - INFO - Прогресс: Навык Создание планироващика +10xp. Баланс:672
2026-04-04 09:27:19,905 - INFO - Куплено:Покупка свободы за 500. Остаток:172
2026-04-04 09:42:06,270 - INFO - Прогресс: Навык Создание планироващика +10xp. Баланс:182
2026-04-04 09:42:06,417 - INFO - Прогресс: Навык Создание планироващика +10xp. Баланс:192
2026-04-04 09:42:06,584 - INFO - Прогресс: Навык Создание планироващика +10xp. Баланс:202
2026-04-04 09:42:06,772 - INFO - Прогресс: Навык Создание планироващика +10xp. Баланс:212
2026-04-04 09:42:06,931 - INFO - Прогресс: Навык Создание планироващика +10xp. Баланс:222
2026-04-04 09:42:07,081 - INFO - Прогресс: Навык Создание планироващика +10xp. Баланс:232
2026-04-04 09:42:07,259 - INFO - Прогресс: Навык Создание планироващика +10xp. Баланс:242
2026-04-04 09:42:07,433 - INFO - Прогресс: Навык Создание планироващика +10xp. Баланс:252
2026-04-04 09:42:07,595 - INFO - Прогресс: Навык Создание планироващика +10xp. Баланс:262
2026-04-04 09:42:07,812 - INFO - Прогресс: Навык Создание планироващика +10xp. Баланс:272
2026-04-04 09:45:48,283 - ERROR - Ошибка экспорта:name 'datetime' is not defined
2026-04-04 09:58:13,344 - ERROR - Ошибка бекапа:[Errno 2] No such file or directory: 'backups/backup_2026-58-04/04/26_09-58.json'
2026-04-04 10:18:15,373 - ERROR - Ошибка бекапа:[Errno 2] No such file or directory: 'backups/backup_2026-18-04/04/26_10-18.json'
2026-04-04 10:18:17,409 - INFO - Прогресс: Навык Создание планироващика +10xp. Баланс:282
2026-04-04 10:18:17,883 - INFO - Прогресс: Навык Создание планироващика +10xp. Баланс:292
2026-04-04 10:18:19,661 - INFO - Прогресс: Навык Создание планироващика +10xp. Баланс:302
2026-04-04 10:18:20,051 - INFO - Прогресс: Навык Создание планироващика +10xp. Баланс:312
2026-04-04 10:18:21,474 - INFO - Прогресс: Навык Создание планироващика +10xp. Баланс:322
2026-04-04 10:18:51,082 - INFO - Прогресс: Навык Создание планироващика +10xp. Баланс:332
2026-04-04 10:18:51,256 - INFO - Прогресс: Навык Создание планироващика +10xp. Баланс:342
2026-04-04 10:18:51,430 - INFO - Прогресс: Навык Создание планироващика +10xp. Баланс:352
2026-04-04 10:24:45,708 - ERROR - Ошибка бекапа:[Errno 2] No such file or directory: 'backups/backup_2026-24-04/04/26_10-24.json'
2026-04-04 10:25:11,003 - ERROR - TG Error:Не удалось отправить сообщениеHTTPSConnectionPool(host='api.telegram.org', port=443): Max retries exceeded with url: /bot8525135885:AAETLzQM9WSMAneW2QKzcHGmGo55Se-22pM/sendMessage (Caused by ConnectTimeoutError(<HTTPSConnection(host='api.telegram.org', port=443) at 0x24cc38bda90>, 'Connection to api.telegram.org timed out. (connect timeout=5)'))
2026-04-04 10:25:11,015 - INFO - Прогресс: Навык Создание планироващика +10xp. Баланс:362
2026-04-04 10:25:21,310 - INFO - Прогресс: Навык Создание планироващика +10xp. Баланс:372
2026-04-04 10:25:22,161 - INFO - Прогресс: Навык Создание планироващика +10xp. Баланс:382
2026-04-04 10:25:22,333 - INFO - Прогресс: Навык Создание планироващика +10xp. Баланс:392
2026-04-04 10:25:22,501 - INFO - Прогресс: Навык Создание планироващика +10xp. Баланс:402
2026-04-04 10:25:22,658 - INFO - Прогресс: Навык Создание планироващика +10xp. Баланс:412
2026-04-04 10:25:22,812 - INFO - Прогресс: Навык Создание планироващика +10xp. Баланс:422
2026-04-04 10:25:22,965 - INFO - Прогресс: Навык Создание планироващика +10xp. Баланс:432
2026-04-04 10:25:23,125 - INFO - Прогресс: Навык Создание планироващика +10xp. Баланс:442
2026-04-04 10:25:23,285 - INFO - Прогресс: Навык Создание планироващика +10xp. Баланс:452
2026-04-04 10:25:28,450 - ERROR - TG Error:Не удалось отправить сообщениеHTTPSConnectionPool(host='api.telegram.org', port=443): Max retries exceeded with url: /bot8525135885:AAETLzQM9WSMAneW2QKzcHGmGo55Se-22pM/sendMessage (Caused by ConnectTimeoutError(<HTTPSConnection(host='api.telegram.org', port=443) at 0x24cc38f5310>, 'Connection to api.telegram.org timed out. (connect timeout=5)'))
2026-04-04 10:25:28,464 - INFO - Прогресс: Навык Создание планироващика +10xp. Баланс:462
